// Jest Snapshot v1, https://goo.gl/fbAQLP

exports[`renders without crashing 1`] = `
<Card
  as={null}
  key="1"
  to={null}
>
  <Image
    as="img"
    ui={true}
  />
  <CardContent>
    <CardHeader>
      foo
    </CardHeader>
    <CardMeta>
      bar
    </CardMeta>
    <CardMeta>
      uk
    </CardMeta>
    <CardDescription>
      Investment sought: £
      100
    </CardDescription>
    <CardDescription>
      Investment already funded: £
      50
    </CardDescription>
  </CardContent>
  <CardContent
    extra={true}
  >
    <Progress
      active={true}
      color="blue"
      percent={50}
      size="small"
      success={false}
    >
      50
      % complete
    </Progress>
  </CardContent>
  <CardContent
    extra={true}
  >
    <Icon
      as="i"
      name="user"
    />
    2
     
    people have
     invested
  </CardContent>
</Card>
`;
